// Jest Snapshot v1, https://goo.gl/fbAQLP

exports[`CardForm Component renders w/out crashing: Snapshot 1`] = `
<div
  className="jsx-657717221 new-card-form"
>
  <div
    className="jsx-657717221 form-container"
  >
    <textarea
      className="jsx-657717221"
      onChange={[Function]}
      placeholder="Front"
      rows="5"
      value=""
    />
    <textarea
      className="jsx-657717221"
      onChange={[Function]}
      placeholder="Back"
      rows="5"
      value=""
    />
  </div>
  <div
    className="jsx-657717221 action-btns"
  >
    <button
      className="jsx-657717221 cancel-btn"
      onClick={undefined}
    >
      Cancel
    </button>
    <button
      className="jsx-657717221 create-btn"
      onClick={[Function]}
    >
      Create
    </button>
  </div>
</div>
`;
