// Jest Snapshot v1, https://goo.gl/fbAQLP

exports[`Deck Component renders w/out crashing: Snapshot 1`] = `
<div
  className="jsx-1698593732 deck-container"
>
  <div
    className="jsx-1698593732 flashcard"
  >
    <strong
      className="jsx-1698593732"
    >
      Test question
    </strong>
  </div>
  <div
    className="jsx-1698593732 action-btns"
  >
    <button
      className="jsx-1698593732"
      onClick={[Function]}
    >
      Flip
    </button>
    <button
      className="jsx-1698593732"
      onClick={[Function]}
    >
      Previous
    </button>
    <button
      className="jsx-1698593732"
      onClick={[Function]}
    >
      Next
    </button>
  </div>
</div>
`;
