// Jest Snapshot v1, https://goo.gl/fbAQLP

exports[`index renders w/out crashing: Snapshot 1`] = `
<div
  className="jsx-97250060"
>
  <div>
    <h1>
      React Review
    </h1>
    <button
      onClick={[Function]}
    >
      Create Card
    </button>
    <h1>
      Sorry there are no cards to show
    </h1>
  </div>
</div>
`;
